
Time : 1/19/2026, 11:02:02 PM
Total Memory : 15.63 GB
Free Memory : 4.72 GB
Platform : win32
CPU : 12th Gen Intel(R) Core(TM) i5-12500H
Uptime : 9.11 hours
-----------------------------

Time : 1/19/2026, 11:02:07 PM
Total Memory : 15.63 GB
Free Memory : 4.70 GB
Platform : win32
CPU : 12th Gen Intel(R) Core(TM) i5-12500H
Uptime : 9.11 hours
-----------------------------

Time : 1/19/2026, 11:02:12 PM
Total Memory : 15.63 GB
Free Memory : 4.70 GB
Platform : win32
CPU : 12th Gen Intel(R) Core(TM) i5-12500H
Uptime : 9.11 hours
-----------------------------

Time : 1/19/2026, 11:02:17 PM
Total Memory : 15.63 GB
Free Memory : 4.70 GB
Platform : win32
CPU : 12th Gen Intel(R) Core(TM) i5-12500H
Uptime : 9.12 hours
-----------------------------
