
Time : 1/19/2026, 3:03:30 PM
Total Memory : 15.63 GB
Free Memory : 6.43 GB
Platform : win32
CPU : 12th Gen Intel(R) Core(TM) i5-12500H
Uptime : 1.14 hours
-----------------------------

Time : 1/19/2026, 3:03:35 PM
Total Memory : 15.63 GB
Free Memory : 6.41 GB
Platform : win32
CPU : 12th Gen Intel(R) Core(TM) i5-12500H
Uptime : 1.14 hours
-----------------------------

Time : 1/19/2026, 3:03:40 PM
Total Memory : 15.63 GB
Free Memory : 6.42 GB
Platform : win32
CPU : 12th Gen Intel(R) Core(TM) i5-12500H
Uptime : 1.14 hours
-----------------------------

Time : 1/19/2026, 3:03:45 PM
Total Memory : 15.63 GB
Free Memory : 6.42 GB
Platform : win32
CPU : 12th Gen Intel(R) Core(TM) i5-12500H
Uptime : 1.14 hours
-----------------------------
